// Jest Snapshot v1, https://goo.gl/fbAQLP

exports[`Loading Component 1`] = `
<div
  className="MuiCircularProgress-root Loading-circularProgress-1 MuiCircularProgress-colorPrimary MuiCircularProgress-indeterminate"
  role="progressbar"
  style={
    Object {
      "height": 90,
      "width": 90,
    }
  }
>
  <svg
    className="MuiCircularProgress-svg"
    viewBox="22 22 44 44"
  >
    <circle
      className="MuiCircularProgress-circle MuiCircularProgress-circleIndeterminate"
      cx={44}
      cy={44}
      fill="none"
      r={21.5}
      strokeWidth={1}
      style={Object {}}
    />
  </svg>
</div>
`;
